[0m14:23:45.911477 [debug] [MainThread]: Sending event: {'category': 'dbt', 'action': 'invocation', 'label': 'start', 'context': [<snowplow_tracker.self_describing_json.SelfDescribingJson object at 0x000001A0AC19DBE0>, <snowplow_tracker.self_describing_json.SelfDescribingJson object at 0x000001A0AE7F3ED0>, <snowplow_tracker.self_describing_json.SelfDescribingJson object at 0x000001A0AE7F3890>]}


============================== 14:23:45.921970 | 83821e75-425b-47bf-b6b1-ec87c5a298bf ==============================
[0m14:23:45.921970 [info ] [MainThread]: Running with dbt=1.12.0
[0m14:23:45.922947 [debug] [MainThread]: running dbt with arguments {'maximum_seed_size_mib': '1', 'no_print': 'None', 'static_parser': 'True', 'warn_error_options': 'WarnErrorOptionsV2(error=[], warn=[], silence=[])', 'target_path': 'None', 'version_check': 'True', 'printer_width': '80', 'write_json': 'True', 'empty': 'None', 'log_cache_events': 'False', 'introspect': 'True', 'cache_selected_only': 'False', 'fail_fast': 'False', 'debug': 'False', 'log_format': 'default', 'profiles_dir': 'C:\\Users\\Utilisateur\\.dbt', 'send_anonymous_usage_stats': 'True', 'quiet': 'False', 'warn_error': 'None', 'partial_parse': 'True', 'use_colors': 'True', 'hints_enabled': 'True', 'indirect_selection': 'eager', 'use_experimental_parser': 'False', 'invocation_command': 'dbt init', 'log_path': 'logs'}
[0m14:23:45.944415 [info ] [MainThread]: Creating dbt configuration folder at C:\Users\Utilisateur\.dbt
[0m14:24:17.859848 [debug] [MainThread]: Starter project path: C:\Users\Utilisateur\Documents\formation\dbt\dbt_test\envTest\Lib\site-packages\dbt\include\starter_project
[0m14:24:17.877786 [info ] [MainThread]: Setting up your profile.
[0m14:26:05.209051 [info ] [MainThread]: Profile test_dbt written to C:\Users\Utilisateur\.dbt\profiles.yml using target's profile_template.yml and your supplied values.
[0m14:26:05.211466 [info ] [MainThread]: Running dbt debug to validate the project...
[0m14:26:05.212326 [info ] [MainThread]: dbt version: 1.12.0
[0m14:26:05.212876 [info ] [MainThread]: python version: 3.13.14
[0m14:26:05.213415 [info ] [MainThread]: python path: C:\Users\Utilisateur\Documents\formation\dbt\dbt_test\envTest\Scripts\python.exe
[0m14:26:05.213953 [info ] [MainThread]: os info: Windows-11-10.0.26200-SP0
[0m14:26:05.247000 [info ] [MainThread]: Using profiles dir at C:\Users\Utilisateur\.dbt
[0m14:26:05.247508 [info ] [MainThread]: Using profiles.yml file at C:\Users\Utilisateur\.dbt\profiles.yml
[0m14:26:05.247913 [info ] [MainThread]: Using dbt_project.yml file at C:\Users\Utilisateur\Documents\formation\dbt\dbt_test\test_dbt\dbt_project.yml
[0m14:26:05.248711 [info ] [MainThread]: adapter type: postgres
[0m14:26:05.249052 [info ] [MainThread]: adapter version: 1.11.0
[0m14:26:05.357679 [info ] [MainThread]: Configuration:
[0m14:26:05.358198 [info ] [MainThread]:   profiles.yml file [[32mOK found and valid[0m]
[0m14:26:05.358648 [info ] [MainThread]:   dbt_project.yml file [[32mOK found and valid[0m]
[0m14:26:05.359098 [info ] [MainThread]: Required dependencies:
[0m14:26:05.359547 [debug] [MainThread]: Executing "git --help"
[0m14:26:05.398426 [debug] [MainThread]: STDOUT: "b"usage: git [-v | --version] [-h | --help] [-C <path>] [-c <name>=<value>]\n           [--exec-path[=<path>]] [--html-path] [--man-path] [--info-path]\n           [-p | --paginate | -P | --no-pager] [--no-replace-objects] [--no-lazy-fetch]\n           [--no-optional-locks] [--no-advice] [--bare] [--git-dir=<path>]\n           [--work-tree=<path>] [--namespace=<name>] [--config-env=<name>=<envvar>]\n           <command> [<args>]\n\nThese are common Git commands used in various situations:\n\nstart a working area (see also: git help tutorial)\n   clone      Clone a repository into a new directory\n   init       Create an empty Git repository or reinitialize an existing one\n\nwork on the current change (see also: git help everyday)\n   add        Add file contents to the index\n   mv         Move or rename a file, a directory, or a symlink\n   restore    Restore working tree files\n   rm         Remove files from the working tree and from the index\n\nexamine the history and state (see also: git help revisions)\n   bisect     Use binary search to find the commit that introduced a bug\n   diff       Show changes between commits, commit and working tree, etc\n   grep       Print lines matching a pattern\n   log        Show commit logs\n   show       Show various types of objects\n   status     Show the working tree status\n\ngrow, mark and tweak your common history\n   backfill   Download missing objects in a partial clone\n   branch     List, create, or delete branches\n   commit     Record changes to the repository\n   history    EXPERIMENTAL: Rewrite history\n   merge      Join two or more development histories together\n   rebase     Reapply commits on top of another base tip\n   reset      Set `HEAD` or the index to a known state\n   switch     Switch branches\n   tag        Create, list, delete or verify tags\n\ncollaborate (see also: git help workflows)\n   fetch      Download objects and refs from another repository\n   pull       Fetch from and integrate with another repository or a local branch\n   push       Update remote refs along with associated objects\n\n'git help -a' and 'git help -g' list available subcommands and some\nconcept guides. See 'git help <command>' or 'git help <concept>'\nto read about a specific subcommand or concept.\nSee 'git help git' for an overview of the system.\n""
[0m14:26:05.398898 [debug] [MainThread]: STDERR: "b''"
[0m14:26:05.399276 [info ] [MainThread]:  - git [[32mOK found[0m]

[0m14:26:05.399624 [info ] [MainThread]: Connection:
[0m14:26:05.399987 [info ] [MainThread]:   host: localhost
[0m14:26:05.400309 [info ] [MainThread]:   port: 5432
[0m14:26:05.400617 [info ] [MainThread]:   user: postgres
[0m14:26:05.400921 [info ] [MainThread]:   database: test_dbt
[0m14:26:05.401221 [info ] [MainThread]:   schema: dev_dbt
[0m14:26:05.401533 [info ] [MainThread]:   connect_timeout: 10
[0m14:26:05.401837 [info ] [MainThread]:   role: None
[0m14:26:05.402139 [info ] [MainThread]:   search_path: None
[0m14:26:05.402436 [info ] [MainThread]:   keepalives_idle: 0
[0m14:26:05.402735 [info ] [MainThread]:   sslmode: None
[0m14:26:05.403034 [info ] [MainThread]:   sslcert: None
[0m14:26:05.403581 [info ] [MainThread]:   sslkey: None
[0m14:26:05.404214 [info ] [MainThread]:   sslrootcert: None
[0m14:26:05.404689 [info ] [MainThread]:   application_name: dbt
[0m14:26:05.405153 [info ] [MainThread]:   autocommit: False
[0m14:26:05.405560 [info ] [MainThread]:   retries: 1
[0m14:26:05.406055 [info ] [MainThread]: Registered adapter: postgres=1.11.0
[0m14:26:05.675498 [debug] [MainThread]: Acquiring new postgres connection 'debug'
[0m14:26:05.729365 [debug] [MainThread]: Using postgres connection "debug"
[0m14:26:05.729699 [debug] [MainThread]: On debug: select 1 as id
[0m14:26:05.729969 [debug] [MainThread]: Opening a new connection, currently in state init
[0m14:26:05.791188 [debug] [MainThread]: SQL status: SELECT 1 in 0.061 seconds
[0m14:26:05.792410 [debug] [MainThread]: On debug: Close
[0m14:26:05.792885 [info ] [MainThread]:   Connection test: [[32mOK connection ok[0m]

[0m14:26:05.793340 [info ] [MainThread]: [32mAll checks passed![0m
[0m14:26:05.793966 [info ] [MainThread]: Your new dbt project "test_dbt" was created!
Initialized new project in C:\Users\Utilisateur\Documents\formation\dbt\dbt_test\test_dbt\test_dbt

For more information on how to configure the profiles.yml file,
please consult the dbt documentation here:

  https://docs.getdbt.com/docs/configure-your-profile

One more thing:

Need help? Don't hesitate to reach out to us via GitHub issues or on Slack:

  https://community.getdbt.com/

Happy modeling!

[0m14:26:05.794930 [debug] [MainThread]: Command `dbt init` succeeded at 14:26:05.794756 after 140.08 seconds
[0m14:26:05.795373 [debug] [MainThread]: Connection 'debug' was properly closed.
[0m14:26:05.795838 [debug] [MainThread]: Sending event: {'category': 'dbt', 'action': 'invocation', 'label': 'end', 'context': [<snowplow_tracker.self_describing_json.SelfDescribingJson object at 0x000001A0AED25BA0>, <snowplow_tracker.self_describing_json.SelfDescribingJson object at 0x000001A0AE905EB0>, <snowplow_tracker.self_describing_json.SelfDescribingJson object at 0x000001A0ACE46CF0>]}
[0m14:26:05.796349 [debug] [MainThread]: Flushing usage events
[0m14:26:06.485227 [debug] [MainThread]: An error was encountered while trying to flush usage events
[0m14:43:59.085349 [debug] [MainThread]: Sending event: {'category': 'dbt', 'action': 'invocation', 'label': 'start', 'context': [<snowplow_tracker.self_describing_json.SelfDescribingJson object at 0x00000210A94452B0>, <snowplow_tracker.self_describing_json.SelfDescribingJson object at 0x00000210ABBA7ED0>, <snowplow_tracker.self_describing_json.SelfDescribingJson object at 0x00000210ABBA7750>]}


============================== 14:43:59.089154 | 84c1d8e2-81ba-40c0-bf53-78d1009e51b9 ==============================
[0m14:43:59.089154 [info ] [MainThread]: Running with dbt=1.12.0
[0m14:43:59.089763 [debug] [MainThread]: running dbt with arguments {'version_check': 'True', 'no_print': 'None', 'static_parser': 'True', 'warn_error_options': 'WarnErrorOptionsV2(error=[], warn=[], silence=[])', 'target_path': 'None', 'maximum_seed_size_mib': '1', 'printer_width': '80', 'write_json': 'True', 'empty': 'False', 'log_cache_events': 'False', 'introspect': 'True', 'cache_selected_only': 'False', 'log_format': 'default', 'debug': 'False', 'fail_fast': 'False', 'partial_parse': 'True', 'send_anonymous_usage_stats': 'True', 'quiet': 'False', 'warn_error': 'None', 'profiles_dir': 'C:\\Users\\Utilisateur\\.dbt', 'invocation_command': 'dbt run', 'hints_enabled': 'True', 'indirect_selection': 'eager', 'use_experimental_parser': 'False', 'use_colors': 'True', 'log_path': 'logs'}
[0m14:43:59.090218 [error] [MainThread]: [[31mERROR[0m]: Encountered an error:
Runtime Error
  No dbt_project.yml found at expected path C:\Users\Utilisateur\Documents\formation\dbt\dbt_test\dbt_project.yml
  Verify that each entry within packages.yml (and their transitive dependencies) contains a file named dbt_project.yml
  
[0m14:43:59.090928 [debug] [MainThread]: Command `dbt run` failed at 14:43:59.090818 after 0.16 seconds
[0m14:43:59.091244 [debug] [MainThread]: Sending event: {'category': 'dbt', 'action': 'invocation', 'label': 'end', 'context': [<snowplow_tracker.self_describing_json.SelfDescribingJson object at 0x00000210ABB9BCE0>, <snowplow_tracker.self_describing_json.SelfDescribingJson object at 0x00000210ABBF15B0>, <snowplow_tracker.self_describing_json.SelfDescribingJson object at 0x00000210ABC048D0>]}
[0m14:43:59.091581 [debug] [MainThread]: Flushing usage events
[0m14:43:59.748813 [debug] [MainThread]: An error was encountered while trying to flush usage events
[0m16:45:55.357839 [debug] [MainThread]: Sending event: {'category': 'dbt', 'action': 'invocation', 'label': 'start', 'context': [<snowplow_tracker.self_describing_json.SelfDescribingJson object at 0x000001936AE252B0>, <snowplow_tracker.self_describing_json.SelfDescribingJson object at 0x000001936D53FED0>, <snowplow_tracker.self_describing_json.SelfDescribingJson object at 0x000001936D53FB10>]}


============================== 16:45:55.363964 | bcc78802-f7db-4ced-a0f6-5bde521224e9 ==============================
[0m16:45:55.363964 [info ] [MainThread]: Running with dbt=1.12.0
[0m16:45:55.365728 [debug] [MainThread]: running dbt with arguments {'version_check': 'True', 'no_print': 'None', 'maximum_seed_size_mib': '1', 'warn_error_options': 'WarnErrorOptionsV2(error=[], warn=[], silence=[])', 'static_parser': 'True', 'target_path': 'None', 'printer_width': '80', 'write_json': 'True', 'empty': 'None', 'log_cache_events': 'False', 'introspect': 'True', 'cache_selected_only': 'False', 'fail_fast': 'False', 'debug': 'False', 'log_format': 'default', 'profiles_dir': 'C:\\Users\\Utilisateur\\.dbt', 'send_anonymous_usage_stats': 'True', 'quiet': 'False', 'warn_error': 'None', 'partial_parse': 'True', 'indirect_selection': 'eager', 'hints_enabled': 'True', 'use_colors': 'True', 'use_experimental_parser': 'False', 'invocation_command': 'dbt init', 'log_path': 'logs'}
[0m16:47:14.097186 [debug] [MainThread]: Starter project path: C:\Users\Utilisateur\Documents\formation\dbt\dbt_test\envTest\Lib\site-packages\dbt\include\starter_project
[0m16:47:14.118860 [info ] [MainThread]: Setting up your profile.
[0m16:48:09.763383 [info ] [MainThread]: Profile northwind_dwh written to C:\Users\Utilisateur\.dbt\profiles.yml using target's profile_template.yml and your supplied values.
[0m16:48:09.765904 [info ] [MainThread]: Running dbt debug to validate the project...
[0m16:48:09.766781 [info ] [MainThread]: dbt version: 1.12.0
[0m16:48:09.767332 [info ] [MainThread]: python version: 3.13.14
[0m16:48:09.767866 [info ] [MainThread]: python path: C:\Users\Utilisateur\Documents\formation\dbt\dbt_test\envTest\Scripts\python.exe
[0m16:48:09.768439 [info ] [MainThread]: os info: Windows-11-10.0.26200-SP0
[0m16:48:09.803608 [info ] [MainThread]: Using profiles dir at C:\Users\Utilisateur\.dbt
[0m16:48:09.804185 [info ] [MainThread]: Using profiles.yml file at C:\Users\Utilisateur\.dbt\profiles.yml
[0m16:48:09.804679 [info ] [MainThread]: Using dbt_project.yml file at C:\Users\Utilisateur\Documents\formation\dbt\dbt_test\northwind_dwh\dbt_project.yml
[0m16:48:09.805541 [info ] [MainThread]: adapter type: postgres
[0m16:48:09.805878 [info ] [MainThread]: adapter version: 1.11.0
[0m16:48:09.914343 [info ] [MainThread]: Configuration:
[0m16:48:09.914893 [info ] [MainThread]:   profiles.yml file [[32mOK found and valid[0m]
[0m16:48:09.915320 [info ] [MainThread]:   dbt_project.yml file [[32mOK found and valid[0m]
[0m16:48:09.915724 [info ] [MainThread]: Required dependencies:
[0m16:48:09.916238 [debug] [MainThread]: Executing "git --help"
[0m16:48:10.315747 [debug] [MainThread]: STDOUT: "b"usage: git [-v | --version] [-h | --help] [-C <path>] [-c <name>=<value>]\n           [--exec-path[=<path>]] [--html-path] [--man-path] [--info-path]\n           [-p | --paginate | -P | --no-pager] [--no-replace-objects] [--no-lazy-fetch]\n           [--no-optional-locks] [--no-advice] [--bare] [--git-dir=<path>]\n           [--work-tree=<path>] [--namespace=<name>] [--config-env=<name>=<envvar>]\n           <command> [<args>]\n\nThese are common Git commands used in various situations:\n\nstart a working area (see also: git help tutorial)\n   clone      Clone a repository into a new directory\n   init       Create an empty Git repository or reinitialize an existing one\n\nwork on the current change (see also: git help everyday)\n   add        Add file contents to the index\n   mv         Move or rename a file, a directory, or a symlink\n   restore    Restore working tree files\n   rm         Remove files from the working tree and from the index\n\nexamine the history and state (see also: git help revisions)\n   bisect     Use binary search to find the commit that introduced a bug\n   diff       Show changes between commits, commit and working tree, etc\n   grep       Print lines matching a pattern\n   log        Show commit logs\n   show       Show various types of objects\n   status     Show the working tree status\n\ngrow, mark and tweak your common history\n   backfill   Download missing objects in a partial clone\n   branch     List, create, or delete branches\n   commit     Record changes to the repository\n   history    EXPERIMENTAL: Rewrite history\n   merge      Join two or more development histories together\n   rebase     Reapply commits on top of another base tip\n   reset      Set `HEAD` or the index to a known state\n   switch     Switch branches\n   tag        Create, list, delete or verify tags\n\ncollaborate (see also: git help workflows)\n   fetch      Download objects and refs from another repository\n   pull       Fetch from and integrate with another repository or a local branch\n   push       Update remote refs along with associated objects\n\n'git help -a' and 'git help -g' list available subcommands and some\nconcept guides. See 'git help <command>' or 'git help <concept>'\nto read about a specific subcommand or concept.\nSee 'git help git' for an overview of the system.\n""
[0m16:48:10.316219 [debug] [MainThread]: STDERR: "b''"
[0m16:48:10.316590 [info ] [MainThread]:  - git [[32mOK found[0m]

[0m16:48:10.317025 [info ] [MainThread]: Connection:
[0m16:48:10.317588 [info ] [MainThread]:   host: localhost
[0m16:48:10.317915 [info ] [MainThread]:   port: 5432
[0m16:48:10.318275 [info ] [MainThread]:   user: dbt_user
[0m16:48:10.318621 [info ] [MainThread]:   database: northwind
[0m16:48:10.318920 [info ] [MainThread]:   schema: dbt_dev
[0m16:48:10.319216 [info ] [MainThread]:   connect_timeout: 10
[0m16:48:10.319523 [info ] [MainThread]:   role: None
[0m16:48:10.319823 [info ] [MainThread]:   search_path: None
[0m16:48:10.320158 [info ] [MainThread]:   keepalives_idle: 0
[0m16:48:10.320775 [info ] [MainThread]:   sslmode: None
[0m16:48:10.321270 [info ] [MainThread]:   sslcert: None
[0m16:48:10.321721 [info ] [MainThread]:   sslkey: None
[0m16:48:10.322063 [info ] [MainThread]:   sslrootcert: None
[0m16:48:10.322384 [info ] [MainThread]:   application_name: dbt
[0m16:48:10.322714 [info ] [MainThread]:   autocommit: False
[0m16:48:10.323033 [info ] [MainThread]:   retries: 1
[0m16:48:10.323507 [info ] [MainThread]: Registered adapter: postgres=1.11.0
[0m16:48:10.584289 [debug] [MainThread]: Acquiring new postgres connection 'debug'
[0m16:48:10.637644 [debug] [MainThread]: Using postgres connection "debug"
[0m16:48:10.637980 [debug] [MainThread]: On debug: select 1 as id
[0m16:48:10.638238 [debug] [MainThread]: Opening a new connection, currently in state init
[0m16:48:10.696466 [debug] [MainThread]: SQL status: SELECT 1 in 0.058 seconds
[0m16:48:10.697397 [debug] [MainThread]: On debug: Close
[0m16:48:10.697734 [info ] [MainThread]:   Connection test: [[32mOK connection ok[0m]

[0m16:48:10.698211 [info ] [MainThread]: [32mAll checks passed![0m
[0m16:48:10.698890 [info ] [MainThread]: Your new dbt project "northwind_dwh" was created!
Initialized new project in C:\Users\Utilisateur\Documents\formation\dbt\dbt_test\northwind_dwh\northwind_dwh

For more information on how to configure the profiles.yml file,
please consult the dbt documentation here:

  https://docs.getdbt.com/docs/configure-your-profile

One more thing:

Need help? Don't hesitate to reach out to us via GitHub issues or on Slack:

  https://community.getdbt.com/

Happy modeling!

[0m16:48:10.699928 [debug] [MainThread]: Command `dbt init` succeeded at 16:48:10.699644 after 135.56 seconds
[0m16:48:10.700229 [debug] [MainThread]: Connection 'debug' was properly closed.
[0m16:48:10.700633 [debug] [MainThread]: Sending event: {'category': 'dbt', 'action': 'invocation', 'label': 'end', 'context': [<snowplow_tracker.self_describing_json.SelfDescribingJson object at 0x000001936DB6D350>, <snowplow_tracker.self_describing_json.SelfDescribingJson object at 0x000001936D58D5B0>, <snowplow_tracker.self_describing_json.SelfDescribingJson object at 0x000001936D783BD0>]}
[0m16:48:10.701071 [debug] [MainThread]: Flushing usage events
[0m16:48:11.393331 [debug] [MainThread]: An error was encountered while trying to flush usage events
[0m09:07:24.057300 [debug] [MainThread]: Sending event: {'category': 'dbt', 'action': 'invocation', 'label': 'start', 'context': [<snowplow_tracker.self_describing_json.SelfDescribingJson object at 0x0000022F461612B0>, <snowplow_tracker.self_describing_json.SelfDescribingJson object at 0x0000022F4886FED0>, <snowplow_tracker.self_describing_json.SelfDescribingJson object at 0x0000022F4886FB10>]}


============================== 09:07:24.063510 | a32c62ee-ce98-462f-a0ca-c0105b990c02 ==============================
[0m09:07:24.063510 [info ] [MainThread]: Running with dbt=1.12.0
[0m09:07:24.064071 [debug] [MainThread]: running dbt with arguments {'maximum_seed_size_mib': '1', 'no_print': 'None', 'version_check': 'True', 'target_path': 'None', 'warn_error_options': 'WarnErrorOptionsV2(error=[], warn=[], silence=[])', 'static_parser': 'True', 'printer_width': '80', 'write_json': 'True', 'introspect': 'True', 'log_cache_events': 'False', 'empty': 'None', 'cache_selected_only': 'False', 'fail_fast': 'False', 'debug': 'False', 'log_format': 'default', 'partial_parse': 'True', 'send_anonymous_usage_stats': 'True', 'quiet': 'False', 'warn_error': 'None', 'profiles_dir': 'C:\\Users\\Utilisateur\\.dbt', 'use_colors': 'True', 'hints_enabled': 'True', 'indirect_selection': 'eager', 'use_experimental_parser': 'False', 'invocation_command': 'dbt init', 'log_path': 'logs'}
[0m09:14:28.409400 [debug] [MainThread]: Starter project path: C:\Users\Utilisateur\Documents\formation\dbt\dbt_test\envTest\Lib\site-packages\dbt\include\starter_project
[0m09:14:28.426479 [info ] [MainThread]: Setting up your profile.
[0m09:15:06.431108 [info ] [MainThread]: Profile northwind_dwh written to C:\Users\Utilisateur\.dbt\profiles.yml using target's profile_template.yml and your supplied values.
[0m09:15:06.438703 [info ] [MainThread]: Running dbt debug to validate the project...
[0m09:15:06.439653 [info ] [MainThread]: dbt version: 1.12.0
[0m09:15:06.440202 [info ] [MainThread]: python version: 3.13.14
[0m09:15:06.440718 [info ] [MainThread]: python path: C:\Users\Utilisateur\Documents\formation\dbt\dbt_test\envTest\Scripts\python.exe
[0m09:15:06.441252 [info ] [MainThread]: os info: Windows-11-10.0.26200-SP0
[0m09:15:06.472892 [info ] [MainThread]: Using profiles dir at C:\Users\Utilisateur\.dbt
[0m09:15:06.473417 [info ] [MainThread]: Using profiles.yml file at C:\Users\Utilisateur\.dbt\profiles.yml
[0m09:15:06.473824 [info ] [MainThread]: Using dbt_project.yml file at C:\Users\Utilisateur\Documents\formation\dbt\dbt_test\northwind_dwh\dbt_project.yml
[0m09:15:06.474798 [info ] [MainThread]: adapter type: postgres
[0m09:15:06.475206 [info ] [MainThread]: adapter version: 1.11.0
[0m09:15:06.580977 [info ] [MainThread]: Configuration:
[0m09:15:06.581480 [info ] [MainThread]:   profiles.yml file [[32mOK found and valid[0m]
[0m09:15:06.581885 [info ] [MainThread]:   dbt_project.yml file [[32mOK found and valid[0m]
[0m09:15:06.582295 [info ] [MainThread]: Required dependencies:
[0m09:15:06.582727 [debug] [MainThread]: Executing "git --help"
[0m09:15:07.079985 [debug] [MainThread]: STDOUT: "b"usage: git [-v | --version] [-h | --help] [-C <path>] [-c <name>=<value>]\n           [--exec-path[=<path>]] [--html-path] [--man-path] [--info-path]\n           [-p | --paginate | -P | --no-pager] [--no-replace-objects] [--no-lazy-fetch]\n           [--no-optional-locks] [--no-advice] [--bare] [--git-dir=<path>]\n           [--work-tree=<path>] [--namespace=<name>] [--config-env=<name>=<envvar>]\n           <command> [<args>]\n\nThese are common Git commands used in various situations:\n\nstart a working area (see also: git help tutorial)\n   clone      Clone a repository into a new directory\n   init       Create an empty Git repository or reinitialize an existing one\n\nwork on the current change (see also: git help everyday)\n   add        Add file contents to the index\n   mv         Move or rename a file, a directory, or a symlink\n   restore    Restore working tree files\n   rm         Remove files from the working tree and from the index\n\nexamine the history and state (see also: git help revisions)\n   bisect     Use binary search to find the commit that introduced a bug\n   diff       Show changes between commits, commit and working tree, etc\n   grep       Print lines matching a pattern\n   log        Show commit logs\n   show       Show various types of objects\n   status     Show the working tree status\n\ngrow, mark and tweak your common history\n   backfill   Download missing objects in a partial clone\n   branch     List, create, or delete branches\n   commit     Record changes to the repository\n   history    EXPERIMENTAL: Rewrite history\n   merge      Join two or more development histories together\n   rebase     Reapply commits on top of another base tip\n   reset      Set `HEAD` or the index to a known state\n   switch     Switch branches\n   tag        Create, list, delete or verify tags\n\ncollaborate (see also: git help workflows)\n   fetch      Download objects and refs from another repository\n   pull       Fetch from and integrate with another repository or a local branch\n   push       Update remote refs along with associated objects\n\n'git help -a' and 'git help -g' list available subcommands and some\nconcept guides. See 'git help <command>' or 'git help <concept>'\nto read about a specific subcommand or concept.\nSee 'git help git' for an overview of the system.\n""
[0m09:15:07.080443 [debug] [MainThread]: STDERR: "b''"
[0m09:15:07.080815 [info ] [MainThread]:  - git [[32mOK found[0m]

[0m09:15:07.081156 [info ] [MainThread]: Connection:
[0m09:15:07.081482 [info ] [MainThread]:   host: localhost
[0m09:15:07.081862 [info ] [MainThread]:   port: 5432
[0m09:15:07.082167 [info ] [MainThread]:   user: dbt_user
[0m09:15:07.082466 [info ] [MainThread]:   database: northwind
[0m09:15:07.082766 [info ] [MainThread]:   schema: dbt_dev
[0m09:15:07.083064 [info ] [MainThread]:   connect_timeout: 10
[0m09:15:07.083364 [info ] [MainThread]:   role: None
[0m09:15:07.083741 [info ] [MainThread]:   search_path: None
[0m09:15:07.084087 [info ] [MainThread]:   keepalives_idle: 0
[0m09:15:07.084448 [info ] [MainThread]:   sslmode: None
[0m09:15:07.084786 [info ] [MainThread]:   sslcert: None
[0m09:15:07.085084 [info ] [MainThread]:   sslkey: None
[0m09:15:07.085381 [info ] [MainThread]:   sslrootcert: None
[0m09:15:07.085679 [info ] [MainThread]:   application_name: dbt
[0m09:15:07.085986 [info ] [MainThread]:   autocommit: False
[0m09:15:07.086302 [info ] [MainThread]:   retries: 1
[0m09:15:07.086771 [info ] [MainThread]: Registered adapter: postgres=1.11.0
[0m09:15:07.361954 [debug] [MainThread]: Acquiring new postgres connection 'debug'
[0m09:15:07.426155 [debug] [MainThread]: Using postgres connection "debug"
[0m09:15:07.426486 [debug] [MainThread]: On debug: select 1 as id
[0m09:15:07.426950 [debug] [MainThread]: Opening a new connection, currently in state init
[0m09:15:07.535545 [debug] [MainThread]: SQL status: SELECT 1 in 0.109 seconds
[0m09:15:07.536733 [debug] [MainThread]: On debug: Close
[0m09:15:07.537197 [info ] [MainThread]:   Connection test: [[32mOK connection ok[0m]

[0m09:15:07.537665 [info ] [MainThread]: [32mAll checks passed![0m
[0m09:15:07.538249 [info ] [MainThread]: Your new dbt project "northwind_dwh" was created!
Initialized new project in C:\Users\Utilisateur\Documents\formation\dbt\dbt_test\northwind_dwh\northwind_dwh

For more information on how to configure the profiles.yml file,
please consult the dbt documentation here:

  https://docs.getdbt.com/docs/configure-your-profile

One more thing:

Need help? Don't hesitate to reach out to us via GitHub issues or on Slack:

  https://community.getdbt.com/

Happy modeling!

[0m09:15:07.539482 [debug] [MainThread]: Command `dbt init` succeeded at 09:15:07.539229 after 463.65 seconds
[0m09:15:07.539835 [debug] [MainThread]: Connection 'debug' was properly closed.
[0m09:15:07.540161 [debug] [MainThread]: Sending event: {'category': 'dbt', 'action': 'invocation', 'label': 'end', 'context': [<snowplow_tracker.self_describing_json.SelfDescribingJson object at 0x0000022F48F3D350>, <snowplow_tracker.self_describing_json.SelfDescribingJson object at 0x0000022F488BD5B0>, <snowplow_tracker.self_describing_json.SelfDescribingJson object at 0x0000022F48B53BD0>]}
[0m09:15:07.540558 [debug] [MainThread]: Flushing usage events
[0m09:15:08.200302 [debug] [MainThread]: An error was encountered while trying to flush usage events
